------------------------------------------------------------
TimeQuest Timing Analyzer Summary
------------------------------------------------------------

Type  : Slow 1200mV 85C Model Setup 'p1|altpll_component|pll|clk[2]'
Slack : -16.590
TNS   : -4849.454

Type  : Slow 1200mV 85C Model Setup 'cpuclock'
Slack : -16.551
TNS   : -8482.653

Type  : Slow 1200mV 85C Model Setup 'PS2_Interface:myps2|last_data_received[0]'
Slack : -14.403
TNS   : -221.280

Type  : Slow 1200mV 85C Model Setup 'CLOCK_50'
Slack : -5.383
TNS   : -25.423

Type  : Slow 1200mV 85C Model Setup 'morse'
Slack : -4.391
TNS   : -15.074

Type  : Slow 1200mV 85C Model Hold 'PS2_Interface:myps2|last_data_received[0]'
Slack : -9.292
TNS   : -134.724

Type  : Slow 1200mV 85C Model Hold 'CLOCK_50'
Slack : -1.039
TNS   : -1.039

Type  : Slow 1200mV 85C Model Hold 'p1|altpll_component|pll|clk[2]'
Slack : 0.426
TNS   : 0.000

Type  : Slow 1200mV 85C Model Hold 'cpuclock'
Slack : 0.428
TNS   : 0.000

Type  : Slow 1200mV 85C Model Hold 'morse'
Slack : 0.884
TNS   : 0.000

Type  : Slow 1200mV 85C Model Recovery 'cpuclock'
Slack : -1.738
TNS   : -54.489

Type  : Slow 1200mV 85C Model Recovery 'p1|altpll_component|pll|clk[2]'
Slack : 13.201
TNS   : 0.000

Type  : Slow 1200mV 85C Model Removal 'cpuclock'
Slack : 1.875
TNS   : 0.000

Type  : Slow 1200mV 85C Model Removal 'p1|altpll_component|pll|clk[2]'
Slack : 5.195
TNS   : 0.000

Type  : Slow 1200mV 85C Model Minimum Pulse Width 'PS2_Interface:myps2|last_data_received[0]'
Slack : -4.509
TNS   : -1496.390

Type  : Slow 1200mV 85C Model Minimum Pulse Width 'cpuclock'
Slack : -3.000
TNS   : -2006.998

Type  : Slow 1200mV 85C Model Minimum Pulse Width 'morse'
Slack : -3.000
TNS   : -3.000

Type  : Slow 1200mV 85C Model Minimum Pulse Width 'CLOCK_50'
Slack : 9.749
TNS   : 0.000

Type  : Slow 1200mV 85C Model Minimum Pulse Width 'p1|altpll_component|pll|clk[2]'
Slack : 19.699
TNS   : 0.000

Type  : Slow 1200mV 0C Model Setup 'cpuclock'
Slack : -15.108
TNS   : -7746.788

Type  : Slow 1200mV 0C Model Setup 'p1|altpll_component|pll|clk[2]'
Slack : -14.890
TNS   : -4331.728

Type  : Slow 1200mV 0C Model Setup 'PS2_Interface:myps2|last_data_received[0]'
Slack : -13.559
TNS   : -207.595

Type  : Slow 1200mV 0C Model Setup 'CLOCK_50'
Slack : -4.736
TNS   : -22.727

Type  : Slow 1200mV 0C Model Setup 'morse'
Slack : -4.025
TNS   : -13.469

Type  : Slow 1200mV 0C Model Hold 'PS2_Interface:myps2|last_data_received[0]'
Slack : -8.326
TNS   : -121.107

Type  : Slow 1200mV 0C Model Hold 'CLOCK_50'
Slack : -0.913
TNS   : -0.913

Type  : Slow 1200mV 0C Model Hold 'p1|altpll_component|pll|clk[2]'
Slack : 0.385
TNS   : 0.000

Type  : Slow 1200mV 0C Model Hold 'cpuclock'
Slack : 0.396
TNS   : 0.000

Type  : Slow 1200mV 0C Model Hold 'morse'
Slack : 0.875
TNS   : 0.000

Type  : Slow 1200mV 0C Model Recovery 'cpuclock'
Slack : -1.520
TNS   : -47.137

Type  : Slow 1200mV 0C Model Recovery 'p1|altpll_component|pll|clk[2]'
Slack : 13.943
TNS   : 0.000

Type  : Slow 1200mV 0C Model Removal 'cpuclock'
Slack : 1.684
TNS   : 0.000

Type  : Slow 1200mV 0C Model Removal 'p1|altpll_component|pll|clk[2]'
Slack : 4.550
TNS   : 0.000

Type  : Slow 1200mV 0C Model Minimum Pulse Width 'PS2_Interface:myps2|last_data_received[0]'
Slack : -3.962
TNS   : -1330.080

Type  : Slow 1200mV 0C Model Minimum Pulse Width 'cpuclock'
Slack : -3.000
TNS   : -2006.294

Type  : Slow 1200mV 0C Model Minimum Pulse Width 'morse'
Slack : -3.000
TNS   : -3.000

Type  : Slow 1200mV 0C Model Minimum Pulse Width 'CLOCK_50'
Slack : 9.717
TNS   : 0.000

Type  : Slow 1200mV 0C Model Minimum Pulse Width 'p1|altpll_component|pll|clk[2]'
Slack : 19.686
TNS   : 0.000

Type  : Fast 1200mV 0C Model Setup 'p1|altpll_component|pll|clk[2]'
Slack : -8.345
TNS   : -2419.991

Type  : Fast 1200mV 0C Model Setup 'cpuclock'
Slack : -7.738
TNS   : -3418.809

Type  : Fast 1200mV 0C Model Setup 'PS2_Interface:myps2|last_data_received[0]'
Slack : -7.409
TNS   : -113.752

Type  : Fast 1200mV 0C Model Setup 'CLOCK_50'
Slack : -2.357
TNS   : -10.576

Type  : Fast 1200mV 0C Model Setup 'morse'
Slack : -1.708
TNS   : -5.201

Type  : Fast 1200mV 0C Model Hold 'PS2_Interface:myps2|last_data_received[0]'
Slack : -4.787
TNS   : -70.239

Type  : Fast 1200mV 0C Model Hold 'CLOCK_50'
Slack : -0.710
TNS   : -0.710

Type  : Fast 1200mV 0C Model Hold 'cpuclock'
Slack : 0.188
TNS   : 0.000

Type  : Fast 1200mV 0C Model Hold 'p1|altpll_component|pll|clk[2]'
Slack : 0.191
TNS   : 0.000

Type  : Fast 1200mV 0C Model Hold 'morse'
Slack : 0.316
TNS   : 0.000

Type  : Fast 1200mV 0C Model Recovery 'cpuclock'
Slack : -0.955
TNS   : -30.007

Type  : Fast 1200mV 0C Model Recovery 'p1|altpll_component|pll|clk[2]'
Slack : 16.316
TNS   : 0.000

Type  : Fast 1200mV 0C Model Removal 'cpuclock'
Slack : 0.877
TNS   : 0.000

Type  : Fast 1200mV 0C Model Removal 'p1|altpll_component|pll|clk[2]'
Slack : 2.760
TNS   : 0.000

Type  : Fast 1200mV 0C Model Minimum Pulse Width 'cpuclock'
Slack : -3.000
TNS   : -1690.063

Type  : Fast 1200mV 0C Model Minimum Pulse Width 'morse'
Slack : -3.000
TNS   : -3.043

Type  : Fast 1200mV 0C Model Minimum Pulse Width 'PS2_Interface:myps2|last_data_received[0]'
Slack : -2.056
TNS   : -552.461

Type  : Fast 1200mV 0C Model Minimum Pulse Width 'CLOCK_50'
Slack : 9.420
TNS   : 0.000

Type  : Fast 1200mV 0C Model Minimum Pulse Width 'p1|altpll_component|pll|clk[2]'
Slack : 19.749
TNS   : 0.000

------------------------------------------------------------
